18/02/2026 13:06:31	This log contains information about the import schema operation into project 'Hospital Database system' on computer 'DESKTOP-OOVE3CV' by user 'ZCpU0'.
18/02/2026 13:06:31	Import of database schema has started.
18/02/2026 13:06:32	Gathering error messages
18/02/2026 13:06:32	Gathering cryptographic providers
18/02/2026 13:06:32	Gathering credentials
18/02/2026 13:06:32	Gathering logins
18/02/2026 13:06:32	Gathering server roles
18/02/2026 13:06:32	Gathering server role memberships
18/02/2026 13:06:32	Gathering linked servers
18/02/2026 13:06:32	Gathering linked server logins
18/02/2026 13:06:32	Gathering routes
18/02/2026 13:06:32	Gathering ddl triggers
18/02/2026 13:06:32	Gathering encrypted and clr ddl triggers
18/02/2026 13:06:32	Gathering event notifications
18/02/2026 13:06:32	Gathering server audits
18/02/2026 13:06:32	Gathering server audit specifications
18/02/2026 13:06:32	Gathering event notifications
18/02/2026 13:06:34	Gathering database credentials
18/02/2026 13:06:34	Gathering database options
18/02/2026 13:06:34	Gathering generic database scoped configuration option
18/02/2026 13:06:34	Gathering users
18/02/2026 13:06:34	Gathering roles
18/02/2026 13:06:34	Gathering application roles
18/02/2026 13:06:34	Gathering role memberships
18/02/2026 13:06:34	Gathering filegroups
18/02/2026 13:06:34	Gathering files
18/02/2026 13:06:34	Gathering full-text catalogs
18/02/2026 13:06:34	Gathering assemblies
18/02/2026 13:06:34	Gathering certificates
18/02/2026 13:06:34	Gathering asymmetric keys
18/02/2026 13:06:34	Gathering symmetric keys
18/02/2026 13:06:34	Gathering encrypted symmetric keys
18/02/2026 13:06:34	Gathering database encryption keys
18/02/2026 13:06:34	Gathering schemas
18/02/2026 13:06:34	Gathering XML schema collections
18/02/2026 13:06:34	Gathering user-defined data types
18/02/2026 13:06:34	Gathering user-defined types
18/02/2026 13:06:34	Gathering table types
18/02/2026 13:06:34	Gathering unique keys for table types
18/02/2026 13:06:34	Gathering primary keys for table types
18/02/2026 13:06:34	Gathering indexes for table types
18/02/2026 13:06:34	Gathering check constraints for table types
18/02/2026 13:06:34	Gathering default constraints for table types
18/02/2026 13:06:34	Gathering partition functions
18/02/2026 13:06:34	Gathering partition schemes
18/02/2026 13:06:34	Gathering functions
18/02/2026 13:06:34	Gathering encrypted functions
18/02/2026 13:06:34	Gathering aggregates
18/02/2026 13:06:34	Gathering procedures
18/02/2026 13:06:34	Gathering encrypted procedures
18/02/2026 13:06:34	Gathering tables
18/02/2026 13:06:34	Gathering primary keys
18/02/2026 13:06:34	Gathering unique constraints
18/02/2026 13:06:34	Gathering foreign keys
18/02/2026 13:06:34	Gathering default constraints
18/02/2026 13:06:34	Gathering check constraints
18/02/2026 13:06:34	Gathering views
18/02/2026 13:06:34	Gathering encrypted views
18/02/2026 13:06:34	Gathering indexes
18/02/2026 13:06:34	Gathering statistics
18/02/2026 13:06:34	Gathering full-text index stoplists
18/02/2026 13:06:34	Gathering search property lists
18/02/2026 13:06:34	Gathering search properties
18/02/2026 13:06:34	Gathering full-text indexes
18/02/2026 13:06:34	Gathering column store indexes
18/02/2026 13:06:34	Gathering spatial indexes
18/02/2026 13:06:34	Gathering XML indexes
18/02/2026 13:06:34	Gathering Selective XML indexes
18/02/2026 13:06:34	Gathering encrypted triggers
18/02/2026 13:06:34	Gathering triggers
18/02/2026 13:06:34	Gathering encrypted and clr ddl triggers
18/02/2026 13:06:34	Gathering ddl triggers
18/02/2026 13:06:34	Creating edge constraints
18/02/2026 13:06:34	Gathering synonyms
18/02/2026 13:06:34	Gathering defaults
18/02/2026 13:06:34	Gathering data constraint uddt bindings
18/02/2026 13:06:34	Gathering rules
18/02/2026 13:06:34	Gathering data constraint uddt bindings
18/02/2026 13:06:34	Gathering message types
18/02/2026 13:06:34	Gathering queues
18/02/2026 13:06:34	Gathering contracts
18/02/2026 13:06:34	Gathering services
18/02/2026 13:06:34	Gathering routes
18/02/2026 13:06:34	Gathering event notifications
18/02/2026 13:06:34	Gathering remote service bindings
18/02/2026 13:06:34	Gathering broker priorities
18/02/2026 13:06:34	Gathering database audit specifications
18/02/2026 13:06:34	Gathering signatures
18/02/2026 13:06:34	Gathering compression options
18/02/2026 13:06:34	Gathering sequence types
18/02/2026 13:06:34	Gathering security policies
18/02/2026 13:06:34	Gather column encryption keys
18/02/2026 13:06:34	Gathering column master keys
18/02/2026 13:06:34	Gathering external data sources
18/02/2026 13:06:34	Gathering external file formats
18/02/2026 13:06:34	Gathering external tables
18/02/2026 13:06:34	Gathering extended properties
18/02/2026 13:06:34	Gathering assemblies
18/02/2026 13:06:34	Scanning project for duplicate elements
18/02/2026 13:06:34	Finished duplicate element processing
18/02/2026 13:06:35	Finished importing database.
18/02/2026 13:06:35	A summary of the import was saved to the following location: C:\Users\ZCpU0\OneDrive\Documents\GitHub\Hospital System\Hospital-System\Hospital System\Hospital Database system\Import Schema Logs\Hospital Database sy_20260218010631.log
18/02/2026 13:06:35	Click Finish to continue...
